<html>
<body>
<pre>
<h1>µVision Build Log</h1>
<h2>Project:</h2>
C:\Users\intech\Desktop\ÇÐ»ý±³À°ÀÚ·á\testprogram\LCD_ShowImage_usart_ili9325\_LCD_ShowImage\GPIO.uvproj
Project File Date:  09/19/2016

<h2>Output:</h2>
Rebuild target 'SysTick'
compiling core_cm3.c...
assembling startup_stm32f10x_hd.s...
compiling main.c...
Source\App\main.c(34): warning:  #223-D: function "LCD_WriteBMP" declared implicitly
compiling GLCD.c...
compiling system_stm32f10x.c...
compiling stm32f10x_it.c...
compiling USART.c...
compiling bmp.c...
compiling misc.c...
compiling stm32f10x_flash.c...
compiling stm32f10x_gpio.c...
compiling stm32f10x_rcc.c...
compiling stm32f10x_usart.c...
linking...
Program Size: Code=7376 RO-data=55652 RW-data=5408 ZI-data=2144  
FromELF: creating hex file...
".\Obj\GPIO.axf" - 0 Error(s), 1 Warning(s).
"C:\Program Files\STMicroelectronics\STM32 ST-LINK Utility\ST-LINK Utility\STM32 ST-LINK Utility.exe" 
Rebuild target 'SysTick'
compiling core_cm3.c...
assembling startup_stm32f10x_hd.s...
compiling main.c...
Source\App\main.c(34): warning:  #223-D: function "LCD_WriteBMP" declared implicitly
compiling GLCD.c...
compiling system_stm32f10x.c...
compiling stm32f10x_it.c...
compiling USART.c...
compiling bmp.c...
compiling misc.c...
compiling stm32f10x_flash.c...
compiling stm32f10x_gpio.c...
compiling stm32f10x_rcc.c...
compiling stm32f10x_usart.c...
linking...
Program Size: Code=7376 RO-data=55652 RW-data=5408 ZI-data=2144  
FromELF: creating hex file...
".\Obj\GPIO.axf" - 0 Error(s), 1 Warning(s).
"C:\Program Files\STMicroelectronics\STM32 ST-LINK Utility\ST-LINK Utility\STM32 ST-LINK Utility.exe" 
